2025-10-21 22:37:58:3758 [32minfo[39m: [32mFile uploaded successfully: avatars/cmgweqln30005nyowcza9jwpw/1761061075922.jpg[39m
2025-10-21 22:49:10:4910 [32minfo[39m: [32mFile uploaded successfully: avatars/cmgweqln30005nyowcza9jwpw/1761061748474.jpg[39m
2025-10-21 23:12:51:1251 [32minfo[39m: [32mFile uploaded successfully: avatars/cmgweqln30005nyowcza9jwpw/1761063170113.jpg[39m
2025-10-23 00:01:52:152 [32minfo[39m: [32mFile uploaded successfully: avatars/cmgweqln30005nyowcza9jwpw/1761152511100.jpg[39m
2025-10-25 22:13:25:1325 [32minfo[39m: [32mFile uploaded successfully: avatars/cmh6exd1f0007ny68i58vhprl/1761405201169.png[39m
2025-10-25 22:13:54:1354 [32minfo[39m: [32mFile uploaded successfully: avatars/cmh6exd1f0007ny68i58vhprl/1761405231919.png[39m
2025-10-25 22:25:50:2550 [32minfo[39m: [32mFile uploaded successfully: logos/cmh6exd160001ny68ndntkg34/1761405948355.jpg[39m
2025-10-25 22:26:46:2646 [32minfo[39m: [32mFile uploaded successfully: banners/cmh6exd160001ny68ndntkg34/1761406004067.jpg[39m
2025-10-25 22:28:58:2858 [32minfo[39m: [32mFile uploaded successfully: banners/cmh6exd160001ny68ndntkg34/1761406136703.jpg[39m
2025-10-26 00:21:22:2122 [32minfo[39m: [32mString content uploaded successfully: templates/default/template.html[39m
2025-10-26 00:21:24:2124 [32minfo[39m: [32mBuffer uploaded successfully: templates/default/preview.png[39m
2025-10-26 00:38:54:3854 [32minfo[39m: [32mString content uploaded successfully: templates/harvard/template.html[39m
2025-10-26 00:38:55:3855 [32minfo[39m: [32mBuffer uploaded successfully: templates/harvard/preview.png[39m
2025-10-26 20:20:52:2052 [32minfo[39m: [32mFile uploaded successfully: logos/cmh6exd160001ny68ndntkg34/1761484850300.png[39m
2025-10-26 20:25:17:2517 [32minfo[39m: [32mFile uploaded successfully: banners/cmh6exd160001ny68ndntkg34/1761485115742.png[39m
2025-10-26 20:26:56:2656 [32minfo[39m: [32mFile uploaded successfully: banners/cmh6exd160001ny68ndntkg34/1761485214683.jpg[39m
2025-10-26 20:27:07:277 [32minfo[39m: [32mFile uploaded successfully: logos/cmh6exd160001ny68ndntkg34/1761485226117.jpg[39m
2025-10-26 20:29:01:291 [32minfo[39m: [32mFile uploaded successfully: banners/cmh6exd160001ny68ndntkg34/1761485339053.jpg[39m
2025-10-26 20:32:04:324 [32minfo[39m: [32mFile uploaded successfully: banners/cmh6exd160001ny68ndntkg34/1761485510441.jpg[39m
2025-10-26 22:16:12:1612 [32minfo[39m: [32mFile uploaded successfully: avatars/cmh6exd1f0006ny6801w8ezif/1761491771457.jpg[39m
2025-10-28 22:30:57:3057 [32minfo[39m: [32mFile uploaded successfully: avatars/cmh6exd1f0006ny6801w8ezif/1761665454699.jpg[39m
2025-11-07 23:32:02:322 [32minfo[39m: [32mFile uploaded successfully: banners/C_b24eeafd/1762533119805.jpg[39m
2025-11-07 23:32:42:3242 [32minfo[39m: [32mFile uploaded successfully: logos/C_b24eeafd/1762533161444.jpg[39m
2025-11-07 23:36:32:3632 [32minfo[39m: [32mFile uploaded successfully: avatars/cmhp2gtnk0001nyaggij0a9r8/1762533391602.jpg[39m
